C51 COMPILER V9.60.0.0   EEPROM                                                            04/25/2025 19:57:18 PAGE 1   


C51 COMPILER V9.60.0.0, COMPILATION OF MODULE EEPROM
OBJECT MODULE PLACED IN .\Objects\EEPROM.obj
COMPILER INVOKED BY: D:\keil5\C51\BIN\C51.EXE sources\EEPROM.c LARGE OPTIMIZE(8,SPEED) BROWSE INCDIR(.\Headers;.\sources
                    -) DEBUG OBJECTEXTEND PRINT(.\Listings\EEPROM.lst) TABS(2) OBJECT(.\Objects\EEPROM.obj)

line level    source

   1          #include "EEPROM.h"
*** ERROR C141 IN LINE 11 OF .\Headers\EEPROM.h: syntax error near ',', expected '<id>'
*** ERROR C141 IN LINE 12 OF .\Headers\EEPROM.h: syntax error near ',', expected '<id>'
   2          
   3          // IAP空闲函数
   4          static void IAP_Idle(void) {
   5   1          IAP_CONTR = 0;      // 关闭IAP功能
*** ERROR C202 IN LINE 5 OF sources\EEPROM.c: 'IAP_CONTR': undefined identifier
   6   1          IAP_CMD = 0;        // 清除命令寄存器
*** ERROR C202 IN LINE 6 OF sources\EEPROM.c: 'IAP_CMD': undefined identifier
   7   1          IAP_TRIG = 0;       // 清除触发寄存器
*** ERROR C202 IN LINE 7 OF sources\EEPROM.c: 'IAP_TRIG': undefined identifier
   8   1          IAP_ADDRH = 0x80;   // 地址恢复为默认
*** ERROR C202 IN LINE 8 OF sources\EEPROM.c: 'IAP_ADDRH': undefined identifier
   9   1          IAP_ADDRL = 0;
*** ERROR C202 IN LINE 9 OF sources\EEPROM.c: 'IAP_ADDRL': undefined identifier
  10   1      }
  11          
  12          // EEPROM初始化
  13          void EEPROM_Init(void) {
  14   1          // 可以添加必要的初始化代码
  15   1      }
  16          
  17          // 从EEPROM读取一个字节
  18          unsigned char EEPROM_ReadByte(unsigned int addr) {
  19   1          unsigned char dat;
  20   1          IAP_CONTR = 0x80;   // 使能IAP
*** ERROR C202 IN LINE 20 OF sources\EEPROM.c: 'IAP_CONTR': undefined identifier
  21   1          IAP_CMD = 1;        // 设置读命令
*** ERROR C202 IN LINE 21 OF sources\EEPROM.c: 'IAP_CMD': undefined identifier
  22   1          IAP_ADDRL = addr;
*** ERROR C202 IN LINE 22 OF sources\EEPROM.c: 'IAP_ADDRL': undefined identifier
  23   1          IAP_ADDRH = addr >> 8;
*** ERROR C202 IN LINE 23 OF sources\EEPROM.c: 'IAP_ADDRH': undefined identifier
  24   1          IAP_TRIG = 0x5a;
*** ERROR C202 IN LINE 24 OF sources\EEPROM.c: 'IAP_TRIG': undefined identifier
  25   1          IAP_TRIG = 0xa5;
*** ERROR C202 IN LINE 25 OF sources\EEPROM.c: 'IAP_TRIG': undefined identifier
  26   1          _nop_();
  27   1          dat = IAP_DATA;
*** ERROR C202 IN LINE 27 OF sources\EEPROM.c: 'IAP_DATA': undefined identifier
  28   1          IAP_Idle();
  29   1          return dat;
  30   1      }
  31          
  32          // 向EEPROM写入一个字节
  33          void EEPROM_WriteByte(unsigned int addr, unsigned char dat) {
  34   1          IAP_CONTR = 0x80;   // 使能IAP
*** ERROR C202 IN LINE 34 OF sources\EEPROM.c: 'IAP_CONTR': undefined identifier
  35   1          IAP_CMD = 2;        // 设置写命令
*** ERROR C202 IN LINE 35 OF sources\EEPROM.c: 'IAP_CMD': undefined identifier
  36   1          IAP_ADDRL = addr;
*** ERROR C202 IN LINE 36 OF sources\EEPROM.c: 'IAP_ADDRL': undefined identifier
  37   1          IAP_ADDRH = addr >> 8;
C51 COMPILER V9.60.0.0   EEPROM                                                            04/25/2025 19:57:18 PAGE 2   

*** ERROR C202 IN LINE 37 OF sources\EEPROM.c: 'IAP_ADDRH': undefined identifier
  38   1          IAP_DATA = dat;
*** ERROR C202 IN LINE 38 OF sources\EEPROM.c: 'IAP_DATA': undefined identifier
  39   1          IAP_TRIG = 0x5a;
*** ERROR C202 IN LINE 39 OF sources\EEPROM.c: 'IAP_TRIG': undefined identifier
  40   1          IAP_TRIG = 0xa5;
*** ERROR C202 IN LINE 40 OF sources\EEPROM.c: 'IAP_TRIG': undefined identifier
  41   1          _nop_();
  42   1          IAP_Idle();
  43   1      }
  44          
  45          // 向EEPROM写入数据块
  46          void EEPROM_WriteData(unsigned int addr, unsigned char* data, unsigned int len) {
*** ERROR C141 IN LINE 46 OF sources\EEPROM.c: syntax error near ',', expected '<id>'
  47   1          unsigned char* p = (unsigned char*)data;
*** ERROR C141 IN LINE 47 OF sources\EEPROM.c: syntax error near 'data', expected 'sizeof'
  48   1          while (len--) {
*** ERROR C141 IN LINE 48 OF sources\EEPROM.c: syntax error near '{', expected ';'
  49   1              EEPROM_WriteByte(addr++, *p++);
*** ERROR C161 IN LINE 49 OF sources\EEPROM.c: 'addr': formal parameter ignored
*** ERROR C141 IN LINE 49 OF sources\EEPROM.c: syntax error near '++', expected ')'
*** ERROR C231 IN LINE 49 OF sources\EEPROM.c: '_EEPROM_WriteByte': redefinition
  50   1          }
  51          }
*** ERROR C141 IN LINE 51 OF sources\EEPROM.c: syntax error near '}', expected 'hdata'
  52          
  53          // 从EEPROM读取数据块
  54          void EEPROM_ReadData(unsigned int addr, unsigned char* data, unsigned int len) {
*** ERROR C141 IN LINE 54 OF sources\EEPROM.c: syntax error near ',', expected '<id>'
  55   1          unsigned char* p = (unsigned char*)data;
*** ERROR C141 IN LINE 55 OF sources\EEPROM.c: syntax error near 'data', expected 'sizeof'
  56   1          while (len--) {
*** ERROR C141 IN LINE 56 OF sources\EEPROM.c: syntax error near '{', expected ';'
  57   1              *p++ = EEPROM_ReadByte(addr++);
*** ERROR C231 IN LINE 57 OF sources\EEPROM.c: 'p': redefinition
*** ERROR C161 IN LINE 57 OF sources\EEPROM.c: 'addr': formal parameter ignored
*** ERROR C141 IN LINE 57 OF sources\EEPROM.c: syntax error near '++', expected ')'
  58   1          }
  59          }

C51 COMPILATION COMPLETE.  0 WARNING(S),  34 ERROR(S)
