C51 COMPILER V9.60.0.0   NOTE                                                              04/25/2025 20:17:54 PAGE 1   


C51 COMPILER V9.60.0.0, COMPILATION OF MODULE NOTE
OBJECT MODULE PLACED IN .\Objects\note.obj
COMPILER INVOKED BY: D:\keil5\C51\BIN\C51.EXE sources\note.c LARGE OPTIMIZE(8,SPEED) BROWSE INCDIR(.\Headers;.\sources) 
                    -DEBUG OBJECTEXTEND PRINT(.\Listings\note.lst) TABS(2) OBJECT(.\Objects\note.obj)

line level    source

   1          #include "note.h"
   2          // 修改为unsigned char数组
   3          static int x_position[2] = { 0 };
   4          static unsigned char is_active[2] = { 0 };  // 0=非激活, 1=激活
   5          int hit_time ;
   6          unsigned char track_idx;
   7          unsigned char y_pos;
   8          
   9          code const char* HitResults[] = 
  10          {
  11              "Miss   ", "Perfect", "Good   ", "Bad    "
  12          };
  13          
  14          
  15          NoteHitResult check_note_hit(unsigned char speed, unsigned char track)
  16          {
  17   1          track_idx = track - 1;
  18   1          y_pos = (track == 1) ? 0 : 3;
  19   1          if (is_active[track_idx] && x_position[track_idx] < 40)
  20   1          {
  21   2              OLED_ShowString(x_position[track_idx], y_pos, " ", 16);
  22   2              is_active[track_idx] = 0; // 设置为非激活
  23   2      
  24   2              hit_time = (x_position[track_idx] - 16) / speed;
  25   2      
  26   2              if (hit_time < 1) return NOTE_PERFECT;
  27   2              else if (hit_time < 2) return NOTE_GOOD;
  28   2              else return NOTE_BAD;
  29   2          }
  30   1          return NOTE_MISS;
  31   1      }
  32          
  33          void note_spawn(unsigned char speed, unsigned char track)
  34          {
  35   1          track_idx = track - 1;
  36   1          y_pos = (track == 1) ? 0 : 3;
  37   1          if (!is_active[track_idx]) 
  38   1          {
  39   2              x_position[track_idx] = 121 - speed * 2;
  40   2              is_active[track_idx] = 1;  // 设置为激活
  41   2          }
  42   1      
  43   1          if (x_position[track_idx] > speed && x_position[track_idx] < 120)
  44   1          {
  45   2              OLED_ShowString(x_position[track_idx], y_pos, " ", 16);
  46   2              x_position[track_idx] -= speed;
  47   2              OLED_ShowString(x_position[track_idx], y_pos, "Q", 16);
  48   2          }
  49   1          else 
  50   1          {
  51   2              OLED_ShowString(x_position[track_idx], y_pos, " ", 16);
  52   2              OLED_ShowString(3, 6, "Miss   ", 8);
  53   2              is_active[track_idx] = 0;  // 设置为非激活
  54   2          }
C51 COMPILER V9.60.0.0   NOTE                                                              04/25/2025 20:17:54 PAGE 2   

  55   1      }


MODULE INFORMATION:   STATIC OVERLAYABLE
   CODE SIZE        =    504    ----
   CONSTANT SIZE    =     48    ----
   XDATA SIZE       =     10       2
   PDATA SIZE       =   ----    ----
   DATA SIZE        =   ----    ----
   IDATA SIZE       =   ----    ----
   BIT SIZE         =   ----    ----
END OF MODULE INFORMATION.


C51 COMPILATION COMPLETE.  0 WARNING(S),  0 ERROR(S)
